// Jest Snapshot v1, https://goo.gl/fbAQLP

exports[`custom/as/stores/breadcrumb/config should render correctly 1`] = `
Object {
  "name": "breadcrumbStore",
}
`;
