// Jest Snapshot v1, https://goo.gl/fbAQLP

exports[`custom/as/stores/breadcrumb/reducers should render correctly 1`] = `
Object {
  "setBreadcrumb": Object {
    "next": [Function],
  },
}
`;
