// Jest Snapshot v1, https://goo.gl/fbAQLP

exports[`common/decorators/layout/config should render correctly 1`] = `
Object {
  "component": "layout",
  "name": "@layout",
  "type": "decorator",
}
`;
