// Jest Snapshot v1, https://goo.gl/fbAQLP

exports[`common/antd/comp/i18n/zh-CN should render correctly 1`] = `undefined`;
