// Jest Snapshot v1, https://goo.gl/fbAQLP

exports[`custom/as/stores/layout/actions should render correctly 1`] = `
Object {
  "setLayout": [Function],
  "showHead": [Function],
  "showLeft": [Function],
}
`;
