// Jest Snapshot v1, https://goo.gl/fbAQLP

exports[`common/antd/comp/config should render correctly 1`] = `
Object {
  "name": "antd",
}
`;
