// Jest Snapshot v1, https://goo.gl/fbAQLP

exports[`common/decorators/notice/config should render correctly 1`] = `
Object {
  "name": "@notice",
  "type": "decorator",
}
`;
