// Jest Snapshot v1, https://goo.gl/fbAQLP

exports[`common/decorators/notice should render correctly 1`] = `
<div
  id="test"
  notification="[object Object]"
>
  <div
    id="childTest"
    notification="[object Object]"
  />
  <div
    id="testResult"
  />
  <button
    id="btn1"
  >
    btn1
  </button>
  <button
    id="btn2"
  >
    btn2
  </button>
  <button
    id="btn3"
  >
    btn3
  </button>
  <button
    id="btn4"
  >
    btn4
  </button>
  <button
    id="btn5"
  >
    btn5
  </button>
</div>
`;

exports[`common/decorators/notice/production should render correctly in production env 1`] = `
<div
  id="test"
  notification="[object Object]"
>
  <div
    id="childTest"
    notification="[object Object]"
  />
  <div
    id="testResult"
  />
  <button
    id="btn1"
  >
    btn1
  </button>
  <button
    id="btn2"
  >
    btn2
  </button>
  <button
    id="btn3"
  >
    btn3
  </button>
  <button
    id="btn4"
  >
    btn4
  </button>
  <button
    id="btn5"
  >
    btn5
  </button>
</div>
`;
