// Jest Snapshot v1, https://goo.gl/fbAQLP

exports[`common/antdIcon/config should render correctly 1`] = `
Object {
  "name": "antdIcon",
}
`;
