// Jest Snapshot v1, https://goo.gl/fbAQLP

exports[`common/app should render correctly 1`] = `
<div
  class="app"
>
  hello
</div>
`;
