// Jest Snapshot v1, https://goo.gl/fbAQLP

exports[`common/loading should render correctly 1`] = `
<div>
  loading
</div>
`;
