// Jest Snapshot v1, https://goo.gl/fbAQLP

exports[`custom/as/asUtils/config should render correctly 1`] = `
Object {
  "name": "asUtils",
}
`;
