// Jest Snapshot v1, https://goo.gl/fbAQLP

exports[`common/app/config should render correctly 1`] = `
Object {
  "lazy": false,
  "name": "app",
}
`;
