// Jest Snapshot v1, https://goo.gl/fbAQLP

exports[`custom/as/libs/lottie/config should render correctly 1`] = `
Object {
  "name": "lottie",
}
`;
