// Jest Snapshot v1, https://goo.gl/fbAQLP

exports[`custom/as/framework/app should render correctly 1`] = `
<div
  className="app"
>
  hello
</div>
`;
