// Jest Snapshot v1, https://goo.gl/fbAQLP

exports[`demo/basic/home should render correctly 1`] = `
<div
  class=""
>
  <div
    class=""
  >
    home
  </div>
  <button>
    toTest
  </button>
</div>
`;
