// Jest Snapshot v1, https://goo.gl/fbAQLP

exports[`common/home should render correctly 1`] = `
Object {
  "decorators": Array [
    "@i18n",
    "@theme",
    "@layout",
  ],
  "name": "home",
  "route": Object {
    "exact": true,
    "path": "/",
  },
}
`;
