// Jest Snapshot v1, https://goo.gl/fbAQLP

exports[`common/constants/config should render correctly 1`] = `
Object {
  "name": "constants",
}
`;
