// Jest Snapshot v1, https://goo.gl/fbAQLP

exports[`common/antd/provider should render correctly 1`] = `
<div>
  Test
</div>
`;
