// Jest Snapshot v1, https://goo.gl/fbAQLP

exports[`custom/as/stores/teacher/actions should render correctly 1`] = `
Object {
  "editTeacher": [Function],
  "getTeacher": [Function],
}
`;
