// Jest Snapshot v1, https://goo.gl/fbAQLP

exports[`custom/as/stores/auth/actions should render correctly 1`] = `
Object {
  "login": [Function],
  "logout": [Function],
}
`;
